// Jest Snapshot v1, https://goo.gl/fbAQLP

exports[`<Footer /> renders correctly 1`] = `
ShallowWrapper {
  Symbol(enzyme.__root__): [Circular],
  Symbol(enzyme.__unrendered__): <Footer />,
  Symbol(enzyme.__renderer__): Object {
    "batchedUpdates": [Function],
    "getNode": [Function],
    "render": [Function],
    "simulateError": [Function],
    "simulateEvent": [Function],
    "unmount": [Function],
  },
  Symbol(enzyme.__node__): Object {
    "instance": null,
    "key": undefined,
    "nodeType": "class",
    "props": Object {
      "children": <div
        className="container"
      >
        <div
          className="app-footer-left"
        >
          <Logo />
          <div
            className="description"
          >
            <p>
              <strong>
                The UX Libray
              </strong>
            </p>
            <p>
              Community curated design content & discusion
            </p>
          </div>
        </div>
        <div
          className="app-footer-right"
        >
          <SocialMedia />
          <FooterNav />
        </div>
      </div>,
    },
    "ref": null,
    "rendered": Object {
      "instance": null,
      "key": undefined,
      "nodeType": "host",
      "props": Object {
        "children": Array [
          <div
            className="app-footer-left"
          >
            <Logo />
            <div
              className="description"
            >
              <p>
                <strong>
                  The UX Libray
                </strong>
              </p>
              <p>
                Community curated design content & discusion
              </p>
            </div>
          </div>,
          <div
            className="app-footer-right"
          >
            <SocialMedia />
            <FooterNav />
          </div>,
        ],
        "className": "container",
      },
      "ref": null,
      "rendered": Array [
        Object {
          "instance": null,
          "key": undefined,
          "nodeType": "host",
          "props": Object {
            "children": Array [
              <Logo />,
              <div
                className="description"
              >
                <p>
                  <strong>
                    The UX Libray
                  </strong>
                </p>
                <p>
                  Community curated design content & discusion
                </p>
              </div>,
            ],
            "className": "app-footer-left",
          },
          "ref": null,
          "rendered": Array [
            Object {
              "instance": null,
              "key": undefined,
              "nodeType": "function",
              "props": Object {},
              "ref": null,
              "rendered": null,
              "type": [Function],
            },
            Object {
              "instance": null,
              "key": undefined,
              "nodeType": "host",
              "props": Object {
                "children": Array [
                  <p>
                    <strong>
                      The UX Libray
                    </strong>
                  </p>,
                  <p>
                    Community curated design content & discusion
                  </p>,
                ],
                "className": "description",
              },
              "ref": null,
              "rendered": Array [
                Object {
                  "instance": null,
                  "key": undefined,
                  "nodeType": "host",
                  "props": Object {
                    "children": <strong>
                      The UX Libray
                    </strong>,
                  },
                  "ref": null,
                  "rendered": Object {
                    "instance": null,
                    "key": undefined,
                    "nodeType": "host",
                    "props": Object {
                      "children": "The UX Libray",
                    },
                    "ref": null,
                    "rendered": "The UX Libray",
                    "type": "strong",
                  },
                  "type": "p",
                },
                Object {
                  "instance": null,
                  "key": undefined,
                  "nodeType": "host",
                  "props": Object {
                    "children": "Community curated design content & discusion",
                  },
                  "ref": null,
                  "rendered": "Community curated design content & discusion",
                  "type": "p",
                },
              ],
              "type": "div",
            },
          ],
          "type": "div",
        },
        Object {
          "instance": null,
          "key": undefined,
          "nodeType": "host",
          "props": Object {
            "children": Array [
              <SocialMedia />,
              <FooterNav />,
            ],
            "className": "app-footer-right",
          },
          "ref": null,
          "rendered": Array [
            Object {
              "instance": null,
              "key": undefined,
              "nodeType": "function",
              "props": Object {},
              "ref": null,
              "rendered": null,
              "type": [Function],
            },
            Object {
              "instance": null,
              "key": undefined,
              "nodeType": "function",
              "props": Object {},
              "ref": null,
              "rendered": null,
              "type": [Function],
            },
          ],
          "type": "div",
        },
      ],
      "type": "div",
    },
    "type": [Function],
  },
  Symbol(enzyme.__nodes__): Array [
    Object {
      "instance": null,
      "key": undefined,
      "nodeType": "class",
      "props": Object {
        "children": <div
          className="container"
        >
          <div
            className="app-footer-left"
          >
            <Logo />
            <div
              className="description"
            >
              <p>
                <strong>
                  The UX Libray
                </strong>
              </p>
              <p>
                Community curated design content & discusion
              </p>
            </div>
          </div>
          <div
            className="app-footer-right"
          >
            <SocialMedia />
            <FooterNav />
          </div>
        </div>,
      },
      "ref": null,
      "rendered": Object {
        "instance": null,
        "key": undefined,
        "nodeType": "host",
        "props": Object {
          "children": Array [
            <div
              className="app-footer-left"
            >
              <Logo />
              <div
                className="description"
              >
                <p>
                  <strong>
                    The UX Libray
                  </strong>
                </p>
                <p>
                  Community curated design content & discusion
                </p>
              </div>
            </div>,
            <div
              className="app-footer-right"
            >
              <SocialMedia />
              <FooterNav />
            </div>,
          ],
          "className": "container",
        },
        "ref": null,
        "rendered": Array [
          Object {
            "instance": null,
            "key": undefined,
            "nodeType": "host",
            "props": Object {
              "children": Array [
                <Logo />,
                <div
                  className="description"
                >
                  <p>
                    <strong>
                      The UX Libray
                    </strong>
                  </p>
                  <p>
                    Community curated design content & discusion
                  </p>
                </div>,
              ],
              "className": "app-footer-left",
            },
            "ref": null,
            "rendered": Array [
              Object {
                "instance": null,
                "key": undefined,
                "nodeType": "function",
                "props": Object {},
                "ref": null,
                "rendered": null,
                "type": [Function],
              },
              Object {
                "instance": null,
                "key": undefined,
                "nodeType": "host",
                "props": Object {
                  "children": Array [
                    <p>
                      <strong>
                        The UX Libray
                      </strong>
                    </p>,
                    <p>
                      Community curated design content & discusion
                    </p>,
                  ],
                  "className": "description",
                },
                "ref": null,
                "rendered": Array [
                  Object {
                    "instance": null,
                    "key": undefined,
                    "nodeType": "host",
                    "props": Object {
                      "children": <strong>
                        The UX Libray
                      </strong>,
                    },
                    "ref": null,
                    "rendered": Object {
                      "instance": null,
                      "key": undefined,
                      "nodeType": "host",
                      "props": Object {
                        "children": "The UX Libray",
                      },
                      "ref": null,
                      "rendered": "The UX Libray",
                      "type": "strong",
                    },
                    "type": "p",
                  },
                  Object {
                    "instance": null,
                    "key": undefined,
                    "nodeType": "host",
                    "props": Object {
                      "children": "Community curated design content & discusion",
                    },
                    "ref": null,
                    "rendered": "Community curated design content & discusion",
                    "type": "p",
                  },
                ],
                "type": "div",
              },
            ],
            "type": "div",
          },
          Object {
            "instance": null,
            "key": undefined,
            "nodeType": "host",
            "props": Object {
              "children": Array [
                <SocialMedia />,
                <FooterNav />,
              ],
              "className": "app-footer-right",
            },
            "ref": null,
            "rendered": Array [
              Object {
                "instance": null,
                "key": undefined,
                "nodeType": "function",
                "props": Object {},
                "ref": null,
                "rendered": null,
                "type": [Function],
              },
              Object {
                "instance": null,
                "key": undefined,
                "nodeType": "function",
                "props": Object {},
                "ref": null,
                "rendered": null,
                "type": [Function],
              },
            ],
            "type": "div",
          },
        ],
        "type": "div",
      },
      "type": [Function],
    },
  ],
  Symbol(enzyme.__options__): Object {
    "adapter": ReactSixteenAdapter {
      "options": Object {
        "enableComponentDidUpdateOnSetState": true,
        "lifecycles": Object {
          "componentDidUpdate": Object {
            "onSetState": true,
          },
          "getDerivedStateFromProps": true,
          "getSnapshotBeforeUpdate": true,
          "setState": Object {
            "skipsComponentDidUpdateOnNullish": true,
          },
        },
      },
    },
  },
}
`;
